+ '[' '' ']'
+ SDK_LOC=/shared/fsl-imx-xwayland/5.10-hardknott
+ '[' '' ']'
+ SDK_NAME=cortexa53-crypto-poky-linux
+ '[' '!' -e /shared/fsl-imx-xwayland/5.10-hardknott/environment-setup-cortexa53-crypto-poky-linux ']'
+ . /shared/fsl-imx-xwayland/5.10-hardknott/environment-setup-cortexa53-crypto-poky-linux
++ '[' '!' -z '' ']'
++ export SDKTARGETSYSROOT=/shared/fsl-imx-xwayland/5.10-hardknott/sysroots/cortexa53-crypto-poky-linux
++ SDKTARGETSYSROOT=/shared/fsl-imx-xwayland/5.10-hardknott/sysroots/cortexa53-crypto-poky-linux
++ export PATH=/shared/fsl-imx-xwayland/5.10-hardknott/sysroots/x86_64-pokysdk-linux/usr/bin:/shared/fsl-imx-xwayland/5.10-hardknott/sysroots/x86_64-pokysdk-linux/usr/sbin:/shared/fsl-imx-xwayland/5.10-hardknott/sysroots/x86_64-pokysdk-linux/bin:/shared/fsl-imx-xwayland/5.10-hardknott/sysroots/x86_64-pokysdk-linux/sbin:/shared/fsl-imx-xwayland/5.10-hardknott/sysroots/x86_64-pokysdk-linux/usr/bin/../x86_64-pokysdk-linux/bin:/shared/fsl-imx-xwayland/5.10-hardknott/sysroots/x86_64-pokysdk-linux/usr/bin/aarch64-poky-linux:/shared/fsl-imx-xwayland/5.10-hardknott/sysroots/x86_64-pokysdk-linux/usr/bin/aarch64-poky-linux-musl:/shared/fsl-imx-xwayland/5.10-hardknott/sysroots/x86_64-pokysdk-linux/usr/bin:/shared/fsl-imx-xwayland/5.10-hardknott/sysroots/x86_64-pokysdk-linux/usr/sbin:/shared/fsl-imx-xwayland/5.10-hardknott/sysroots/x86_64-pokysdk-linux/bin:/shared/fsl-imx-xwayland/5.10-hardknott/sysroots/x86_64-pokysdk-linux/sbin:/shared/fsl-imx-xwayland/5.10-hardknott/sysroots/x86_64-pokysdk-linux/usr/bin/../x86_64-pokysdk-linux/bin:/shared/fsl-imx-xwayland/5.10-hardknott/sysroots/x86_64-pokysdk-linux/usr/bin/aarch64-poky-linux:/shared/fsl-imx-xwayland/5.10-hardknott/sysroots/x86_64-pokysdk-linux/usr/bin/aarch64-poky-linux-musl:/home/jhw/.local/bin:/home/jhw/bin:/home/jhw/.opencode/bin:/home/jhw/.bun/bin:/home/jhw/.bun/bin:/home/jhw/.nvm/versions/node/v24.12.0/bin:/usr/local/sbin:/usr/local/bin:/usr/sbin:/usr/bin:/sbin:/bin:/usr/games:/usr/local/games:/snap/bin
++ PATH=/shared/fsl-imx-xwayland/5.10-hardknott/sysroots/x86_64-pokysdk-linux/usr/bin:/shared/fsl-imx-xwayland/5.10-hardknott/sysroots/x86_64-pokysdk-linux/usr/sbin:/shared/fsl-imx-xwayland/5.10-hardknott/sysroots/x86_64-pokysdk-linux/bin:/shared/fsl-imx-xwayland/5.10-hardknott/sysroots/x86_64-pokysdk-linux/sbin:/shared/fsl-imx-xwayland/5.10-hardknott/sysroots/x86_64-pokysdk-linux/usr/bin/../x86_64-pokysdk-linux/bin:/shared/fsl-imx-xwayland/5.10-hardknott/sysroots/x86_64-pokysdk-linux/usr/bin/aarch64-poky-linux:/shared/fsl-imx-xwayland/5.10-hardknott/sysroots/x86_64-pokysdk-linux/usr/bin/aarch64-poky-linux-musl:/shared/fsl-imx-xwayland/5.10-hardknott/sysroots/x86_64-pokysdk-linux/usr/bin:/shared/fsl-imx-xwayland/5.10-hardknott/sysroots/x86_64-pokysdk-linux/usr/sbin:/shared/fsl-imx-xwayland/5.10-hardknott/sysroots/x86_64-pokysdk-linux/bin:/shared/fsl-imx-xwayland/5.10-hardknott/sysroots/x86_64-pokysdk-linux/sbin:/shared/fsl-imx-xwayland/5.10-hardknott/sysroots/x86_64-pokysdk-linux/usr/bin/../x86_64-pokysdk-linux/bin:/shared/fsl-imx-xwayland/5.10-hardknott/sysroots/x86_64-pokysdk-linux/usr/bin/aarch64-poky-linux:/shared/fsl-imx-xwayland/5.10-hardknott/sysroots/x86_64-pokysdk-linux/usr/bin/aarch64-poky-linux-musl:/home/jhw/.local/bin:/home/jhw/bin:/home/jhw/.opencode/bin:/home/jhw/.bun/bin:/home/jhw/.bun/bin:/home/jhw/.nvm/versions/node/v24.12.0/bin:/usr/local/sbin:/usr/local/bin:/usr/sbin:/usr/bin:/sbin:/bin:/usr/games:/usr/local/games:/snap/bin
++ export PKG_CONFIG_SYSROOT_DIR=/shared/fsl-imx-xwayland/5.10-hardknott/sysroots/cortexa53-crypto-poky-linux
++ PKG_CONFIG_SYSROOT_DIR=/shared/fsl-imx-xwayland/5.10-hardknott/sysroots/cortexa53-crypto-poky-linux
++ export PKG_CONFIG_PATH=/shared/fsl-imx-xwayland/5.10-hardknott/sysroots/cortexa53-crypto-poky-linux/usr/lib/pkgconfig:/shared/fsl-imx-xwayland/5.10-hardknott/sysroots/cortexa53-crypto-poky-linux/usr/share/pkgconfig
++ PKG_CONFIG_PATH=/shared/fsl-imx-xwayland/5.10-hardknott/sysroots/cortexa53-crypto-poky-linux/usr/lib/pkgconfig:/shared/fsl-imx-xwayland/5.10-hardknott/sysroots/cortexa53-crypto-poky-linux/usr/share/pkgconfig
++ export CONFIG_SITE=/shared/fsl-imx-xwayland/5.10-hardknott/site-config-cortexa53-crypto-poky-linux
++ CONFIG_SITE=/shared/fsl-imx-xwayland/5.10-hardknott/site-config-cortexa53-crypto-poky-linux
++ export OECORE_NATIVE_SYSROOT=/shared/fsl-imx-xwayland/5.10-hardknott/sysroots/x86_64-pokysdk-linux
++ OECORE_NATIVE_SYSROOT=/shared/fsl-imx-xwayland/5.10-hardknott/sysroots/x86_64-pokysdk-linux
++ export OECORE_TARGET_SYSROOT=/shared/fsl-imx-xwayland/5.10-hardknott/sysroots/cortexa53-crypto-poky-linux
++ OECORE_TARGET_SYSROOT=/shared/fsl-imx-xwayland/5.10-hardknott/sysroots/cortexa53-crypto-poky-linux
++ export 'OECORE_ACLOCAL_OPTS=-I /shared/fsl-imx-xwayland/5.10-hardknott/sysroots/x86_64-pokysdk-linux/usr/share/aclocal'
++ OECORE_ACLOCAL_OPTS='-I /shared/fsl-imx-xwayland/5.10-hardknott/sysroots/x86_64-pokysdk-linux/usr/share/aclocal'
++ export OECORE_BASELIB=lib
++ OECORE_BASELIB=lib
++ export OECORE_TARGET_ARCH=aarch64
++ OECORE_TARGET_ARCH=aarch64
++ export OECORE_TARGET_OS=linux
++ OECORE_TARGET_OS=linux
++ unset command_not_found_handle
++ export 'CC=aarch64-poky-linux-gcc  -mcpu=cortex-a53 -march=armv8-a+crc+crypto -fstack-protector-strong  -O2 -D_FORTIFY_SOURCE=2 -Wformat -Wformat-security -Werror=format-security --sysroot=/shared/fsl-imx-xwayland/5.10-hardknott/sysroots/cortexa53-crypto-poky-linux'
++ CC='aarch64-poky-linux-gcc  -mcpu=cortex-a53 -march=armv8-a+crc+crypto -fstack-protector-strong  -O2 -D_FORTIFY_SOURCE=2 -Wformat -Wformat-security -Werror=format-security --sysroot=/shared/fsl-imx-xwayland/5.10-hardknott/sysroots/cortexa53-crypto-poky-linux'
++ export 'CXX=aarch64-poky-linux-g++  -mcpu=cortex-a53 -march=armv8-a+crc+crypto -fstack-protector-strong  -O2 -D_FORTIFY_SOURCE=2 -Wformat -Wformat-security -Werror=format-security --sysroot=/shared/fsl-imx-xwayland/5.10-hardknott/sysroots/cortexa53-crypto-poky-linux'
++ CXX='aarch64-poky-linux-g++  -mcpu=cortex-a53 -march=armv8-a+crc+crypto -fstack-protector-strong  -O2 -D_FORTIFY_SOURCE=2 -Wformat -Wformat-security -Werror=format-security --sysroot=/shared/fsl-imx-xwayland/5.10-hardknott/sysroots/cortexa53-crypto-poky-linux'
++ export 'CPP=aarch64-poky-linux-gcc -E  -mcpu=cortex-a53 -march=armv8-a+crc+crypto -fstack-protector-strong  -O2 -D_FORTIFY_SOURCE=2 -Wformat -Wformat-security -Werror=format-security --sysroot=/shared/fsl-imx-xwayland/5.10-hardknott/sysroots/cortexa53-crypto-poky-linux'
++ CPP='aarch64-poky-linux-gcc -E  -mcpu=cortex-a53 -march=armv8-a+crc+crypto -fstack-protector-strong  -O2 -D_FORTIFY_SOURCE=2 -Wformat -Wformat-security -Werror=format-security --sysroot=/shared/fsl-imx-xwayland/5.10-hardknott/sysroots/cortexa53-crypto-poky-linux'
++ export 'AS=aarch64-poky-linux-as '
++ AS='aarch64-poky-linux-as '
++ export 'LD=aarch64-poky-linux-ld  --sysroot=/shared/fsl-imx-xwayland/5.10-hardknott/sysroots/cortexa53-crypto-poky-linux'
++ LD='aarch64-poky-linux-ld  --sysroot=/shared/fsl-imx-xwayland/5.10-hardknott/sysroots/cortexa53-crypto-poky-linux'
++ export GDB=aarch64-poky-linux-gdb
++ GDB=aarch64-poky-linux-gdb
++ export STRIP=aarch64-poky-linux-strip
++ STRIP=aarch64-poky-linux-strip
++ export RANLIB=aarch64-poky-linux-ranlib
++ RANLIB=aarch64-poky-linux-ranlib
++ export OBJCOPY=aarch64-poky-linux-objcopy
++ OBJCOPY=aarch64-poky-linux-objcopy
++ export OBJDUMP=aarch64-poky-linux-objdump
++ OBJDUMP=aarch64-poky-linux-objdump
++ export READELF=aarch64-poky-linux-readelf
++ READELF=aarch64-poky-linux-readelf
++ export AR=aarch64-poky-linux-ar
++ AR=aarch64-poky-linux-ar
++ export NM=aarch64-poky-linux-nm
++ NM=aarch64-poky-linux-nm
++ export M4=m4
++ M4=m4
++ export TARGET_PREFIX=aarch64-poky-linux-
++ TARGET_PREFIX=aarch64-poky-linux-
++ export 'CONFIGURE_FLAGS=--target=aarch64-poky-linux --host=aarch64-poky-linux --build=x86_64-linux --with-libtool-sysroot=/shared/fsl-imx-xwayland/5.10-hardknott/sysroots/cortexa53-crypto-poky-linux'
++ CONFIGURE_FLAGS='--target=aarch64-poky-linux --host=aarch64-poky-linux --build=x86_64-linux --with-libtool-sysroot=/shared/fsl-imx-xwayland/5.10-hardknott/sysroots/cortexa53-crypto-poky-linux'
++ export 'CFLAGS= -O2 -pipe -g -feliminate-unused-debug-types '
++ CFLAGS=' -O2 -pipe -g -feliminate-unused-debug-types '
++ export 'CXXFLAGS= -O2 -pipe -g -feliminate-unused-debug-types '
++ CXXFLAGS=' -O2 -pipe -g -feliminate-unused-debug-types '
++ export 'LDFLAGS=-Wl,-O1 -Wl,--hash-style=gnu -Wl,--as-needed -Wl,-z,relro,-z,now'
++ LDFLAGS='-Wl,-O1 -Wl,--hash-style=gnu -Wl,--as-needed -Wl,-z,relro,-z,now'
++ export CPPFLAGS=
++ CPPFLAGS=
++ export KCFLAGS=--sysroot=/shared/fsl-imx-xwayland/5.10-hardknott/sysroots/cortexa53-crypto-poky-linux
++ KCFLAGS=--sysroot=/shared/fsl-imx-xwayland/5.10-hardknott/sysroots/cortexa53-crypto-poky-linux
++ export OECORE_DISTRO_VERSION=5.10-hardknott
++ OECORE_DISTRO_VERSION=5.10-hardknott
++ export OECORE_SDK_VERSION=5.10-hardknott
++ OECORE_SDK_VERSION=5.10-hardknott
++ export ARCH=arm64
++ ARCH=arm64
++ export CROSS_COMPILE=aarch64-poky-linux-
++ CROSS_COMPILE=aarch64-poky-linux-
++ '[' -d /shared/fsl-imx-xwayland/5.10-hardknott/sysroots/cortexa53-crypto-poky-linux/environment-setup.d ']'
++ '[' -d /shared/fsl-imx-xwayland/5.10-hardknott/sysroots/x86_64-pokysdk-linux/environment-setup.d ']'
++ for envfile in $OECORE_NATIVE_SYSROOT/environment-setup.d/*.sh
++ . /shared/fsl-imx-xwayland/5.10-hardknott/sysroots/x86_64-pokysdk-linux/environment-setup.d/cmake.sh
+++ export OE_CMAKE_TOOLCHAIN_FILE=/shared/fsl-imx-xwayland/5.10-hardknott/sysroots/x86_64-pokysdk-linux/usr/share/cmake/OEToolchainConfig.cmake
+++ OE_CMAKE_TOOLCHAIN_FILE=/shared/fsl-imx-xwayland/5.10-hardknott/sysroots/x86_64-pokysdk-linux/usr/share/cmake/OEToolchainConfig.cmake
++++ echo lib
++++ sed -e s/lib//
+++ export OE_CMAKE_FIND_LIBRARY_CUSTOM_LIB_SUFFIX=
+++ OE_CMAKE_FIND_LIBRARY_CUSTOM_LIB_SUFFIX=
++ for envfile in $OECORE_NATIVE_SYSROOT/environment-setup.d/*.sh
++ . /shared/fsl-imx-xwayland/5.10-hardknott/sysroots/x86_64-pokysdk-linux/environment-setup.d/openssl.sh
+++ export OPENSSL_CONF=/shared/fsl-imx-xwayland/5.10-hardknott/sysroots/x86_64-pokysdk-linux/usr/lib/ssl-1.1/openssl.cnf
+++ OPENSSL_CONF=/shared/fsl-imx-xwayland/5.10-hardknott/sysroots/x86_64-pokysdk-linux/usr/lib/ssl-1.1/openssl.cnf
+ SYSROOT=/shared/fsl-imx-xwayland/5.10-hardknott/sysroots/cortexa53-crypto-poky-linux
+ PKG_CONFIG_SYSROOT_DIR=/shared/fsl-imx-xwayland/5.10-hardknott/sysroots/cortexa53-crypto-poky-linux
+ PKG_CONFIG_PATH=/shared/fsl-imx-xwayland/5.10-hardknott/sysroots/cortexa53-crypto-poky-linux/usr/lib/pkgconfig
+ PKG_CONFIG_SYSROOT_DIR=/shared/fsl-imx-xwayland/5.10-hardknott/sysroots/cortexa53-crypto-poky-linux
+ PKG_CONFIG_DIR=
+ make
aarch64-poky-linux-g++  -mcpu=cortex-a53 -march=armv8-a+crc+crypto -fstack-protector-strong  -O2 -D_FORTIFY_SOURCE=2 -Wformat -Wformat-security -Werror=format-security --sysroot=/shared/fsl-imx-xwayland/5.10-hardknott/sysroots/cortexa53-crypto-poky-linux -I  -O2 -pipe -g -feliminate-unused-debug-types  -Wall -pthread -I/shared/fsl-imx-xwayland/5.10-hardknott/sysroots/cortexa53-crypto-poky-linux/usr/include/gstreamer-1.0 -I/shared/fsl-imx-xwayland/5.10-hardknott/sysroots/cortexa53-crypto-poky-linux/usr/include/json-c -I/shared/fsl-imx-xwayland/5.10-hardknott/sysroots/cortexa53-crypto-poky-linux/usr/include/gstreamer-1.0 -I/shared/fsl-imx-xwayland/5.10-hardknott/sysroots/cortexa53-crypto-poky-linux/usr/include/orc-0.4 -I/shared/fsl-imx-xwayland/5.10-hardknott/sysroots/cortexa53-crypto-poky-linux/usr/include/gstreamer-1.0 -I/shared/fsl-imx-xwayland/5.10-hardknott/sysroots/cortexa53-crypto-poky-linux/usr/include/glib-2.0 -I/shared/fsl-imx-xwayland/5.10-hardknott/sysroots/cortexa53-crypto-poky-linux/usr/lib/glib-2.0/include -I/opt/desktop/gitlab/gst-jhw/gstapp/gstapp/app/rnnoise/include -Wl,-O1 -Wl,--hash-style=gnu -Wl,--as-needed -Wl,-z,relro,-z,now "-Wl,--copy-dt-needed-entries" -lgstrtspserver-1.0 -lgstapp-1.0 -lcheck -ljson-c -lssl -lcrypto -lgstvideo-1.0 -lgstbase-1.0 -lgstreamer-1.0 -lgobject-2.0 -lglib-2.0 -L/opt/desktop/gitlab/gst-jhw/gstapp/gstapp/app/rnnoise/lib -lrnnoise -lturbojpeg -c videoBin.cpp
/bin/sh: 1: aarch64-poky-linux-g++: not found
make: *** [Makefile:47: videoBin.o] Error 127
